stm32f7xx_it.c:75:6:NMI_Handler	4	static
stm32f7xx_it.c:88:6:HardFault_Handler	4	static
stm32f7xx_it.c:103:6:MemManage_Handler	4	static
stm32f7xx_it.c:118:6:BusFault_Handler	4	static
stm32f7xx_it.c:133:6:UsageFault_Handler	4	static
stm32f7xx_it.c:148:6:DebugMon_Handler	4	static
stm32f7xx_it.c:168:6:RCC_IRQHandler	4	static
stm32f7xx_it.c:181:6:TIM3_IRQHandler	8	static
stm32f7xx_it.c:195:6:EXTI15_10_IRQHandler	8	static
stm32f7xx_it.c:209:6:TIM7_IRQHandler	8	static
stm32f7xx_it.c:223:6:ETH_IRQHandler	8	static
